Using launch settings from C:\Code\books\within-tolerance-book-site\ai-mysteries-api\Properties\launchSettings.json...
info: AiMysteries.Api.Services.BookStore[0]
      Loaded book "field-trip" (8 endings)
info: AiMysteries.Api.Services.BookStore[0]
      Loaded book "first-in-right" (13 endings)
info: AiMysteries.Api.Services.BookStore[0]
      Loaded book "holloway-house" (9 endings)
info: AiMysteries.Api.Services.BookStore[0]
      Loaded book "lighthouse-ledger" (10 endings)
info: AiMysteries.Api.Services.BookStore[0]
      Loaded book "mate-for-life" (16 endings)
info: AiMysteries.Api.Services.BookStore[0]
      Loaded book "non-essential-mass" (12 endings)
info: AiMysteries.Api.Services.BookStore[0]
      Loaded book "siege-perilous" (8 endings)
info: AiMysteries.Api.Services.BookStore[0]
      Loaded book "something-borrowed" (9 endings)
info: AiMysteries.Api.Services.BookStore[0]
      Loaded book "standard-of-care" (9 endings)
info: AiMysteries.Api.Services.BookStore[0]
      Loaded book "wheres-sunny" (9 endings)
info: AiMysteries.Api.Services.BookStore[0]
      Loaded book "within-tolerance" (116 endings)
info: Microsoft.Hosting.Lifetime[14]
      Now listening on: http://localhost:5180
info: Microsoft.Hosting.Lifetime[0]
      Application started. Press Ctrl+C to shut down.
info: Microsoft.Hosting.Lifetime[0]
      Hosting environment: Development
info: Microsoft.Hosting.Lifetime[0]
      Content root path: C:\Code\books\within-tolerance-book-site\ai-mysteries-api
